** Drc report for weather-station-poc.kicad_pcb **
** Created on 2026-03-29T17:29:49 **
** Report includes: Errors, Warnings, Exclusions **

** Found 32 DRC violations **
[clearance]: Violation d'isolation ( isolation 0,2000 mm; réel 0,1000 mm)
    Local override; error (excluded)
    @(194.2000 mm, 78.8800 mm): Pad 1 [/RadioSubGHz/OSC_IN] of Y3 on B.Cu
    @(194.2000 mm, 78.1300 mm): Pad 4 [GND] of Y3 on B.Cu
[clearance]: Violation d'isolation ( isolation 0,2000 mm; réel 0,1000 mm)
    Local override; error (excluded)
    @(193.1500 mm, 78.8800 mm): Pad 2 [GND] of Y3 on B.Cu
    @(193.1500 mm, 78.1300 mm): Pad 3 [/RadioSubGHz/OSC_OUT] of Y3 on B.Cu
[clearance]: Violation d'isolation ( isolation 0,2000 mm; réel 0,1062 mm)
    Local override; error (excluded)
    @(148.5000 mm, 125.6000 mm): PTH pad B1 [GND] of IC1
    @(148.1000 mm, 126.3000 mm): PTH pad B2 [unconnected-(IC1-SSTXP2-PadB2)] of IC1
[clearance]: Violation d'isolation ( isolation 0,2000 mm; réel 0,1000 mm)
    Local override; error (excluded)
    @(148.1000 mm, 126.3000 mm): PTH pad B2 [unconnected-(IC1-SSTXP2-PadB2)] of IC1
    @(147.3000 mm, 126.3000 mm): PTH pad B3 [unconnected-(IC1-SSTXN2-PadB3)] of IC1
[clearance]: Violation d'isolation ( isolation 0,2000 mm; réel 0,1062 mm)
    Local override; error (excluded)
    @(148.1000 mm, 126.3000 mm): PTH pad B2 [unconnected-(IC1-SSTXP2-PadB2)] of IC1
    @(147.7000 mm, 125.6000 mm): PTH pad G2 [GND] of IC1
[clearance]: Violation d'isolation ( isolation 0,2000 mm; réel 0,1000 mm)
    Local override; error (excluded)
    @(147.3000 mm, 126.3000 mm): PTH pad B3 [unconnected-(IC1-SSTXN2-PadB3)] of IC1
    @(146.5000 mm, 126.3000 mm): PTH pad B5 [/USB-C/CC2c] of IC1
[clearance]: Violation d'isolation ( isolation 0,2000 mm; réel 0,1062 mm)
    Local override; error (excluded)
    @(147.3000 mm, 126.3000 mm): PTH pad B3 [unconnected-(IC1-SSTXN2-PadB3)] of IC1
    @(146.9000 mm, 125.6000 mm): PTH pad B4 [/USB-C/VBUS] of IC1
[clearance]: Violation d'isolation ( isolation 0,2000 mm; réel 0,1062 mm)
    Local override; error (excluded)
    @(147.3000 mm, 126.3000 mm): PTH pad B3 [unconnected-(IC1-SSTXN2-PadB3)] of IC1
    @(147.7000 mm, 125.6000 mm): PTH pad G2 [GND] of IC1
[clearance]: Violation d'isolation ( isolation 0,2000 mm; réel 0,1062 mm)
    Local override; error (excluded)
    @(146.9000 mm, 125.6000 mm): PTH pad B4 [/USB-C/VBUS] of IC1
    @(146.5000 mm, 126.3000 mm): PTH pad B5 [/USB-C/CC2c] of IC1
[clearance]: Violation d'isolation ( isolation 0,2000 mm; réel 0,1000 mm)
    Local override; error (excluded)
    @(146.9000 mm, 125.6000 mm): PTH pad B4 [/USB-C/VBUS] of IC1
    @(147.7000 mm, 125.6000 mm): PTH pad G2 [GND] of IC1
[clearance]: Violation d'isolation ( isolation 0,2000 mm; réel 0,1000 mm)
    Local override; error (excluded)
    @(146.9000 mm, 125.6000 mm): PTH pad B4 [/USB-C/VBUS] of IC1
    @(146.1000 mm, 125.6000 mm): PTH pad B6 [/USB-C/DP12] of IC1
[clearance]: Violation d'isolation ( isolation 0,2000 mm; réel 0,1062 mm)
    Local override; error (excluded)
    @(146.5000 mm, 126.3000 mm): PTH pad B5 [/USB-C/CC2c] of IC1
    @(146.1000 mm, 125.6000 mm): PTH pad B6 [/USB-C/DP12] of IC1
[clearance]: Violation d'isolation ( isolation 0,2000 mm; réel 0,0000 mm)
    Local override; error (excluded)
    @(150.2100 mm, 118.1000 mm): Pad 5 [/USB-C/VBUS] of Q1 on B.Cu
    @(148.7200 mm, 117.4000 mm): Pad 6 [<no net>] of Q1 on B.Cu
[clearance]: Violation d'isolation ( isolation 0,2000 mm; réel 0,0000 mm)
    Local override; error (excluded)
    @(150.2100 mm, 118.1000 mm): Pad 5 [/USB-C/VBUS] of Q1 on B.Cu
    @(151.7000 mm, 117.4000 mm): Pad 7 [<no net>] of Q1 on B.Cu
[clearance]: Violation d'isolation ( isolation 0,2000 mm; réel 0,1000 mm)
    Local override; error (excluded)
    @(146.1000 mm, 125.6000 mm): PTH pad B6 [/USB-C/DP12] of IC1
    @(145.3000 mm, 125.6000 mm): PTH pad B7 [/USB-C/DN12] of IC1
[clearance]: Violation d'isolation ( isolation 0,2000 mm; réel 0,1062 mm)
    Local override; error (excluded)
    @(145.3000 mm, 125.6000 mm): PTH pad B7 [/USB-C/DN12] of IC1
    @(144.9000 mm, 126.3000 mm): PTH pad B8 [unconnected-(IC1-SBU2-PadB8)] of IC1
[clearance]: Violation d'isolation ( isolation 0,2000 mm; réel 0,1000 mm)
    Local override; error (excluded)
    @(145.3000 mm, 125.6000 mm): PTH pad B7 [/USB-C/DN12] of IC1
    @(144.5000 mm, 125.6000 mm): PTH pad B9 [/USB-C/VBUS] of IC1
[clearance]: Violation d'isolation ( isolation 0,2000 mm; réel 0,1000 mm)
    Local override; error (excluded)
    @(144.9000 mm, 126.3000 mm): PTH pad B8 [unconnected-(IC1-SBU2-PadB8)] of IC1
    @(144.1000 mm, 126.3000 mm): PTH pad B10 [unconnected-(IC1-SSRXN1-PadB10)] of IC1
[clearance]: Violation d'isolation ( isolation 0,2000 mm; réel 0,1062 mm)
    Local override; error (excluded)
    @(144.9000 mm, 126.3000 mm): PTH pad B8 [unconnected-(IC1-SBU2-PadB8)] of IC1
    @(144.5000 mm, 125.6000 mm): PTH pad B9 [/USB-C/VBUS] of IC1
[clearance]: Violation d'isolation ( isolation 0,2000 mm; réel 0,1062 mm)
    Local override; error (excluded)
    @(144.5000 mm, 125.6000 mm): PTH pad B9 [/USB-C/VBUS] of IC1
    @(144.1000 mm, 126.3000 mm): PTH pad B10 [unconnected-(IC1-SSRXN1-PadB10)] of IC1
[clearance]: Violation d'isolation ( isolation 0,2000 mm; réel 0,1000 mm)
    Local override; error (excluded)
    @(144.5000 mm, 125.6000 mm): PTH pad B9 [/USB-C/VBUS] of IC1
    @(143.7000 mm, 125.6000 mm): PTH pad G1 [GND] of IC1
[clearance]: Violation d'isolation ( isolation 0,2000 mm; réel 0,1000 mm)
    Local override; error (excluded)
    @(144.1000 mm, 126.3000 mm): PTH pad B10 [unconnected-(IC1-SSRXN1-PadB10)] of IC1
    @(143.3000 mm, 126.3000 mm): PTH pad B11 [unconnected-(IC1-SSRXP1-PadB11)] of IC1
[clearance]: Violation d'isolation ( isolation 0,2000 mm; réel 0,1062 mm)
    Local override; error (excluded)
    @(144.1000 mm, 126.3000 mm): PTH pad B10 [unconnected-(IC1-SSRXN1-PadB10)] of IC1
    @(143.7000 mm, 125.6000 mm): PTH pad G1 [GND] of IC1
[clearance]: Violation d'isolation ( isolation 0,2000 mm; réel 0,1062 mm)
    Local override; error (excluded)
    @(143.3000 mm, 126.3000 mm): PTH pad B11 [unconnected-(IC1-SSRXP1-PadB11)] of IC1
    @(142.9000 mm, 125.6000 mm): PTH pad B12 [GND] of IC1
[clearance]: Violation d'isolation ( isolation 0,2000 mm; réel 0,1062 mm)
    Local override; error (excluded)
    @(143.3000 mm, 126.3000 mm): PTH pad B11 [unconnected-(IC1-SSRXP1-PadB11)] of IC1
    @(143.7000 mm, 125.6000 mm): PTH pad G1 [GND] of IC1
[solder_mask_bridge]: L’ouverture du masque de soudure de dessous relie des éléments de différents nets
    Rule: configuration largeur min masque de soudure; error (excluded)
    @(150.2100 mm, 118.1000 mm): Pad 5 [/USB-C/VBUS] of Q1 on B.Cu
    @(151.7000 mm, 117.4000 mm): Pad 7 [<no net>] of Q1 on B.Cu
[solder_mask_bridge]: L’ouverture du masque de soudure de dessous relie des éléments de différents nets
    Rule: configuration largeur min masque de soudure; error (excluded)
    @(150.2100 mm, 118.1000 mm): Pad 5 [/USB-C/VBUS] of Q1 on B.Cu
    @(148.7200 mm, 117.4000 mm): Pad 6 [<no net>] of Q1 on B.Cu
[lib_footprint_mismatch]: L’empreinte 'SMA_Molex_73251-1153_EdgeMount_Horizontal' ne correspond pas à la copie en librairie 'Connector_Coaxial'
    Local override; warning
    @(176.8800 mm, 51.0400 mm): Footprint AE1
[silk_over_copper]: Silkscreen clipped by solder mask
    Local override; warning
    @(215.3000 mm, 127.0500 mm): Segment on F.Silkscreen
    @(141.4300 mm, 126.7500 mm): PTH pad MH1 [GND] of IC1
[silk_over_copper]: Silkscreen clipped by solder mask
    Local override; warning
    @(215.3000 mm, 127.0500 mm): Segment on F.Silkscreen
    @(149.9700 mm, 126.7500 mm): PTH pad MH2 [GND] of IC1
[silk_over_copper]: Silkscreen clipped by solder mask
    Local override; warning
    @(215.2971 mm, 127.0517 mm): Segment on B.Silkscreen
    @(141.4300 mm, 126.7500 mm): PTH pad MH1 [GND] of IC1
[silk_over_copper]: Silkscreen clipped by solder mask
    Local override; warning
    @(215.2971 mm, 127.0517 mm): Segment on B.Silkscreen
    @(149.9700 mm, 126.7500 mm): PTH pad MH2 [GND] of IC1

** Found 0 unconnected pads **

** Found 0 Footprint errors **

** Ignored checks **
    - Footprint has no courtyard defined
    - Track endpoint not centered on via
    - Tuning profile track geometries
    - Footprint doesn't match symbol's footprint filters
    - PTH inside courtyard
    - NPTH inside courtyard
    - Footprint component type doesn't match footprint pads

** End of Report **
